Lmod Warning:
-------------------------------------------------------------------------------
The following dependent module(s) are not currently loaded: ucx (required by:
openmpi5/5.0.7)
-------------------------------------------------------------------------------




Currently Loaded Modules:
  1) gnu14/14.2.0     4) libfabric/1.18.0   7) hdf5/1.14.6
  2) openmpi5/5.0.7   5) cmake/3.31.10      8) ucx/1.18.0-mt
  3) hwloc/2.12.0     6) gsl/2.8

 

=== PGalF: in=/gpfs/dbi224/swift_eagle_flamingo/flamingo_spin_jet_th_kin25 out=/gpfs/dbi224/swift_eagle_flamingo/pgalf/flamingo_spin_jet_th_kin25 snaps=0 1 2 3 4 5 6 7 8 9 10 11 12 13 14 15 16 17 18 19 20 21 22 23 24 25 26 27 28 29 30 31 32 33 34 35 36 37 38 39 40 41 42  nsplit=32 np=32 stages=all zmax=15 ===

########## snapshot 0 (0000) ##########
   skip: z=45 > zmax=15

########## snapshot 1 (0001) ##########
   skip: z=29.0616 > zmax=15

########## snapshot 2 (0002) ##########
   skip: z=22.242 > zmax=15

########## snapshot 3 (0003) ##########
   skip: z=18.3152 > zmax=15

########## snapshot 4 (0004) ##########
   skip: z=15.714 > zmax=15

########## snapshot 5 (0005) ##########
   z=13.8424 (<= 15)
>>> [1/4] NewDD
Initializing 20000 Mbytes memory space
HDF5-DIAG: Error detected in HDF5 (1.14.6):
  #000: H5F.c line 827 in H5Fopen(): unable to synchronously open file
    major: File accessibility
    minor: Unable to open file
  #001: H5F.c line 788 in H5F__open_api_common(): unable to open file
    major: File accessibility
    minor: Unable to open file
  #002: H5VLcallback.c line 3680 in H5VL_file_open(): open failed
    major: Virtual Object Layer
    minor: Can't open object
  #003: H5VLcallback.c line 3514 in H5VL__file_open(): open failed
    major: Virtual Object Layer
    minor: Can't open object
  #004: H5VLnative_file.c line 128 in H5VL__native_file_open(): unable to open file
    major: File accessibility
    minor: Unable to open file
  #005: H5Fint.c line 1897 in H5F_open(): can't try opening file
    major: File accessibility
    minor: Unable to open file
  #006: H5FD.c line 787 in H5FD_open(): can't open file
    major: Virtual File Layer
    minor: Unable to open file
  #007: H5FDsec2.c line 323 in H5FD__sec2_open(): unable to open file: name = './snapdir_005/snapshot_005.hdf5', errno = 2, error message = 'No such file or directory', flags = 0, o_flags = 0
    major: File accessibility
    minor: Unable to open file
HDF5-DIAG: Error detected in HDF5 (1.14.6):
  #000: H5F.c line 827 in H5Fopen(): unable to synchronously open file
    major: File accessibility
    minor: Unable to open file
  #001: H5F.c line 788 in H5F__open_api_common(): unable to open file
    major: File accessibility
    minor: Unable to open file
  #002: H5VLcallback.c line 3680 in H5VL_file_open(): open failed
    major: Virtual Object Layer
    minor: Can't open object
  #003: H5VLcallback.c line 3514 in H5VL__file_open(): open failed
    major: Virtual Object Layer
    minor: Can't open object
  #004: H5VLnative_file.c line 128 in H5VL__native_file_open(): unable to open file
    major: File accessibility
    minor: Unable to open file
  #005: H5Fint.c line 1897 in H5F_open(): can't try opening file
    major: File accessibility
    minor: Unable to open file
  #006: H5FD.c line 787 in H5FD_open(): can't open file
    major: Virtual File Layer
    minor: Unable to open file
  #007: H5FDsec2.c line 323 in H5FD__sec2_open(): unable to open file: name = './snapdir_005/snapshot_005.0.hdf5', errno = 2, error message = 'No such file or directory', flags = 0, o_flags = 0
    major: File accessibility
    minor: Unable to open file
[file rd_gadget.c, line 268]: Cannot open GADGET snapshot from base './snapdir_005/snapshot_005'
HDF5-DIAG: Error detected in HDF5 (1.14.6):
  #000: H5F.c line 827 in H5Fopen(): unable to synchronously open file
    major: File accessibility
    minor: Unable to open file
  #001: H5F.c line 788 in H5F__open_api_common(): unable to open file
    major: File accessibility
    minor: Unable to open file
  #002: H5VLcallback.c line 3680 in H5VL_file_open(): open failed
    major: Virtual Object Layer
    minor: Can't open object
  #003: H5VLcallback.c line 3514 in H5VL__file_open(): open failed
    major: Virtual Object Layer
    minor: Can't open object
  #004: H5VLnative_file.c line 128 in H5VL__native_file_open(): unable to open file
    major: File accessibility
    minor: Unable to open file
  #005: H5Fint.c line 1897 in H5F_open(): can't try opening file
    major: File accessibility
    minor: Unable to open file
  #006: H5FD.c line 787 in H5FD_open(): can't open file
    major: Virtual File Layer
    minor: Unable to open file
  #007: H5FDsec2.c line 323 in H5FD__sec2_open(): unable to open file: name = './snapshot_005.hdf5', errno = 2, error message = 'No such file or directory', flags = 0, o_flags = 0
    major: File accessibility
    minor: Unable to open file
HDF5-DIAG: Error detected in HDF5 (1.14.6):
  #000: H5F.c line 827 in H5Fopen(): unable to synchronously open file
    major: File accessibility
    minor: Unable to open file
  #001: H5F.c line 788 in H5F__open_api_common(): unable to open file
    major: File accessibility
    minor: Unable to open file
  #002: H5VLcallback.c line 3680 in H5VL_file_open(): open failed
    major: Virtual Object Layer
    minor: Can't open object
  #003: H5VLcallback.c line 3514 in H5VL__file_open(): open failed
    major: Virtual Object Layer
    minor: Can't open object
  #004: H5VLnative_file.c line 128 in H5VL__native_file_open(): unable to open file
    major: File accessibility
    minor: Unable to open file
  #005: H5Fint.c line 1897 in H5F_open(): can't try opening file
    major: File accessibility
    minor: Unable to open file
  #006: H5FD.c line 787 in H5FD_open(): can't open file
    major: Virtual File Layer
    minor: Unable to open file
  #007: H5FDsec2.c line 323 in H5FD__sec2_open(): unable to open file: name = './snapshot_005.0.hdf5', errno = 2, error message = 'No such file or directory', flags = 0, o_flags = 0
    major: File accessibility
    minor: Unable to open file
[file rd_gadget.c, line 268]: Cannot open GADGET snapshot from base './snapshot_005'
GADGET mode: reading base './snap_0005' with 1 file(s)
P0: Reading snapshot file index 0
P0: particles done npart=16777614
P0: gas done ngas=16776818
P0: bh done nsink=0
P0: qsort GAS 16776818
P0: SplitDump GAS
P0: GAS done
P0: Malloc dm npart=16777614
P0: SplitDump DM 16777216
P0: DM done
P0: SplitDump STAR 398
P0: STAR done
P0: Free dm
P0: Free sink/gas/particle
Current memory stack 0
>>> [2/4] opFoF
reading ./FoF_Data/NewDD.00005/SN.00005.00000.info
reading ./FoF_Data/NewDD.00005/SN.00005.00000.info
Warning: different size of RamsesType.
Warning: We cannot read the full precision parameter values from the binary format.
So, we degrade the precision from double to float in each parameters.
Warning: different size of RamsesType.
Warning: We cannot read the full precision parameter values from the binary format.
So, we degrade the precision from double to float in each parameters.
P0 has a periodic box of Lx=24.9998 Ly=24.9998 Lz=24.9998
P0 has pid 1495388 in hostname grammar088
P0 size = 24.9998 hubble = 69.33
P0  omep = 0.287845 omeplam = 0.712155 smooth=0
P0  anow = 0.067375 
P0 nx = 0 ny= 0 nz= 0 
P0 rscale = 1 vscale= 1
P0 has file ranges 0 32
P0 has read ./FoF_Data/NewDD.00005/SN.00005.DM.00000.dat with np= 536919
P0 has a periodic box of Lx=24.9998 Ly=24.9998 Lz=24.9998
P0 has pid 1495392 in hostname grammar088
P0 size = 24.9998 hubble = 69.33
P0  omep = 0.287845 omeplam = 0.712155 smooth=0
P0  anow = 0.067375 
P0 nx = 0 ny= 0 nz= 0 
P0 rscale = 1 vscale= 1
P0 has file ranges 0 32
P0 has read ./FoF_Data/NewDD.00005/SN.00005.DM.00000.dat with np= 536919
reading ./FoF_Data/NewDD.00005/SN.00005.00000.info
reading ./FoF_Data/NewDD.00005/SN.00005.00000.info
Warning: different size of RamsesType.
Warning: We cannot read the full precision parameter values from the binary format.
So, we degrade the precision from double to float in each parameters.
Warning: different size of RamsesType.
Warning: We cannot read the full precision parameter values from the binary format.
So, we degrade the precision from double to float in each parameters.
reading ./FoF_Data/NewDD.00005/SN.00005.00000.info
Warning: different size of RamsesType.
Warning: We cannot read the full precision parameter values from the binary format.
So, we degrade the precision from double to float in each parameters.
P0 has a periodic box of Lx=24.9998 Ly=24.9998 Lz=24.9998
P0 has pid 1495400 in hostname grammar088
P0 size = 24.9998 hubble = 69.33
P0  omep = 0.287845 omeplam = 0.712155 smooth=0
P0  anow = 0.067375 
P0 nx = 0 ny= 0 nz= 0 
P0 rscale = 1 vscale= 1
P0 has file ranges 0 32
P0 has read ./FoF_Data/NewDD.00005/SN.00005.DM.00000.dat with np= 536919
P0 has a periodic box of Lx=24.9998 Ly=24.9998 Lz=24.9998
P0 has pid 1495396 in hostname grammar088
P0 size = 24.9998 hubble = 69.33
P0  omep = 0.287845 omeplam = 0.712155 smooth=0
P0  anow = 0.067375 
P0 nx = 0 ny= 0 nz= 0 
P0 rscale = 1 vscale= 1
P0 has file ranges 0 32
P0 has read ./FoF_Data/NewDD.00005/SN.00005.DM.00000.dat with np= 536919
P0 has a periodic box of Lx=24.9998 Ly=24.9998 Lz=24.9998
P0 has pid 1495398 in hostname grammar088
P0 size = 24.9998 hubble = 69.33
P0  omep = 0.287845 omeplam = 0.712155 smooth=0
P0  anow = 0.067375 
P0 nx = 0 ny= 0 nz= 0 
P0 rscale = 1 vscale= 1
P0 has file ranges 0 32
P0 has read ./FoF_Data/NewDD.00005/SN.00005.DM.00000.dat with np= 536919
P has example link02= 0.215541 Mpc/h for a mass of 1e+11
[grammar088:1495388:0:1495388] Caught signal 11 (Segmentation fault: address not mapped to object at address 0x20)
P has example link02= 0.215541 Mpc/h for a mass of 1e+11
[grammar088:1495392:0:1495392] Caught signal 11 (Segmentation fault: address not mapped to object at address 0x20)
P has example link02= 0.215541 Mpc/h for a mass of 1e+11
[grammar088:1495396:0:1495396] Caught signal 11 (Segmentation fault: address not mapped to object at address 0x20)
reading ./FoF_Data/NewDD.00005/SN.00005.00000.info
Warning: different size of RamsesType.
Warning: We cannot read the full precision parameter values from the binary format.
So, we degrade the precision from double to float in each parameters.
P has example link02= 0.215541 Mpc/h for a mass of 1e+11
[grammar088:1495398:0:1495398] Caught signal 11 (Segmentation fault: address not mapped to object at address 0x20)
P0 has a periodic box of Lx=24.9998 Ly=24.9998 Lz=24.9998
P0 has pid 1495384 in hostname grammar088
P0 size = 24.9998 hubble = 69.33
P0  omep = 0.287845 omeplam = 0.712155 smooth=0
P0  anow = 0.067375 
P0 nx = 0 ny= 0 nz= 0 
P0 rscale = 1 vscale= 1
P0 has file ranges 0 32
P0 has read ./FoF_Data/NewDD.00005/SN.00005.DM.00000.dat with np= 536919
P has example link02= 0.215541 Mpc/h for a mass of 1e+11
[grammar088:1495400:0:1495400] Caught signal 11 (Segmentation fault: address not mapped to object at address 0x20)
reading ./FoF_Data/NewDD.00005/SN.00005.00000.info
Warning: different size of RamsesType.
Warning: We cannot read the full precision parameter values from the binary format.
So, we degrade the precision from double to float in each parameters.
P0 has a periodic box of Lx=24.9998 Ly=24.9998 Lz=24.9998
P0 has pid 1495386 in hostname grammar088
P0 size = 24.9998 hubble = 69.33
P0  omep = 0.287845 omeplam = 0.712155 smooth=0
P0  anow = 0.067375 
P0 nx = 0 ny= 0 nz= 0 
P0 rscale = 1 vscale= 1
P0 has file ranges 0 32
P0 has read ./FoF_Data/NewDD.00005/SN.00005.DM.00000.dat with np= 536919
reading ./FoF_Data/NewDD.00005/SN.00005.00000.info
Warning: different size of RamsesType.
Warning: We cannot read the full precision parameter values from the binary format.
So, we degrade the precision from double to float in each parameters.
P0 has a periodic box of Lx=24.9998 Ly=24.9998 Lz=24.9998
P0 has pid 1495380 in hostname grammar088
P0 size = 24.9998 hubble = 69.33
P0  omep = 0.287845 omeplam = 0.712155 smooth=0
P0  anow = 0.067375 
P0 nx = 0 ny= 0 nz= 0 
P0 rscale = 1 vscale= 1
P0 has file ranges 0 32
P0 has read ./FoF_Data/NewDD.00005/SN.00005.DM.00000.dat with np= 536919
reading ./FoF_Data/NewDD.00005/SN.00005.00000.info
Warning: different size of RamsesType.
Warning: We cannot read the full precision parameter values from the binary format.
So, we degrade the precision from double to float in each parameters.
==== backtrace (tid:1495392) ====
 0 0x000000000003ebf0 __GI___sigaction()  :0
 1 0x0000000000159ef7 __memcpy_avx_unaligned_erms()  :0
 2 0x00000000000821e3 _IO_file_xsgetn()  :0
 3 0x0000000000077039 __GI__IO_fread()  :0
 4 0x000000000040f75c read_ramses_data()  /home/dbi224/opt/pgalf_swift/opFoF/ramses2read.c:109
 5 0x0000000000406701 main()  /home/dbi224/opt/pgalf_swift/opFoF/opfof.c:571
 6 0x00000000000295d0 __libc_start_call_main()  ???:0
 7 0x0000000000029680 __libc_start_main_alias_2()  :0
 8 0x0000000000402345 _start()  ???:0
=================================
P0 has a periodic box of Lx=24.9998 Ly=24.9998 Lz=24.9998
P0 has pid 1495394 in hostname grammar088
P0 size = 24.9998 hubble = 69.33
P0  omep = 0.287845 omeplam = 0.712155 smooth=0
P0  anow = 0.067375 
P0 nx = 0 ny= 0 nz= 0 
P0 rscale = 1 vscale= 1
P0 has file ranges 0 32
P0 has read ./FoF_Data/NewDD.00005/SN.00005.DM.00000.dat with np= 536919
==== backtrace (tid:1495388) ====
 0 0x000000000003ebf0 __GI___sigaction()  :0
 1 0x0000000000159ef7 __memcpy_avx_unaligned_erms()  :0
 2 0x00000000000821e3 _IO_file_xsgetn()  :0
 3 0x0000000000077039 __GI__IO_fread()  :0
 4 0x000000000040f75c read_ramses_data()  /home/dbi224/opt/pgalf_swift/opFoF/ramses2read.c:109
 5 0x0000000000406701 main()  /home/dbi224/opt/pgalf_swift/opFoF/opfof.c:571
 6 0x00000000000295d0 __libc_start_call_main()  ???:0
 7 0x0000000000029680 __libc_start_main_alias_2()  :0
 8 0x0000000000402345 _start()  ???:0
=================================
==== backtrace (tid:1495396) ====
 0 0x000000000003ebf0 __GI___sigaction()  :0
 1 0x0000000000159ef7 __memcpy_avx_unaligned_erms()  :0
 2 0x00000000000821e3 _IO_file_xsgetn()  :0
 3 0x0000000000077039 __GI__IO_fread()  :0
 4 0x000000000040f75c read_ramses_data()  /home/dbi224/opt/pgalf_swift/opFoF/ramses2read.c:109
 5 0x0000000000406701 main()  /home/dbi224/opt/pgalf_swift/opFoF/opfof.c:571
 6 0x00000000000295d0 __libc_start_call_main()  ???:0
 7 0x0000000000029680 __libc_start_main_alias_2()  :0
 8 0x0000000000402345 _start()  ???:0
=================================
==== backtrace (tid:1495398) ====
 0 0x000000000003ebf0 __GI___sigaction()  :0
 1 0x0000000000159ef7 __memcpy_avx_unaligned_erms()  :0
 2 0x00000000000821e3 _IO_file_xsgetn()  :0
 3 0x0000000000077039 __GI__IO_fread()  :0
 4 0x000000000040f75c read_ramses_data()  /home/dbi224/opt/pgalf_swift/opFoF/ramses2read.c:109
 5 0x0000000000406701 main()  /home/dbi224/opt/pgalf_swift/opFoF/opfof.c:571
 6 0x00000000000295d0 __libc_start_call_main()  ???:0
 7 0x0000000000029680 __libc_start_main_alias_2()  :0
 8 0x0000000000402345 _start()  ???:0
=================================
==== backtrace (tid:1495400) ====
 0 0x000000000003ebf0 __GI___sigaction()  :0
 1 0x0000000000159ef7 __memcpy_avx_unaligned_erms()  :0
 2 0x00000000000821e3 _IO_file_xsgetn()  :0
 3 0x0000000000077039 __GI__IO_fread()  :0
 4 0x000000000040f75c read_ramses_data()  /home/dbi224/opt/pgalf_swift/opFoF/ramses2read.c:109
 5 0x0000000000406701 main()  /home/dbi224/opt/pgalf_swift/opFoF/opfof.c:571
 6 0x00000000000295d0 __libc_start_call_main()  ???:0
 7 0x0000000000029680 __libc_start_main_alias_2()  :0
 8 0x0000000000402345 _start()  ???:0
=================================
reading ./FoF_Data/NewDD.00005/SN.00005.00000.info
Warning: different size of RamsesType.
Warning: We cannot read the full precision parameter values from the binary format.
So, we degrade the precision from double to float in each parameters.
P0 has a periodic box of Lx=24.9998 Ly=24.9998 Lz=24.9998
P0 has pid 1495406 in hostname grammar088
P0 size = 24.9998 hubble = 69.33
P0  omep = 0.287845 omeplam = 0.712155 smooth=0
P0  anow = 0.067375 
P0 nx = 0 ny= 0 nz= 0 
P0 rscale = 1 vscale= 1
P0 has file ranges 0 32
P0 has read ./FoF_Data/NewDD.00005/SN.00005.DM.00000.dat with np= 536919
reading ./FoF_Data/NewDD.00005/SN.00005.00000.info
Warning: different size of RamsesType.
Warning: We cannot read the full precision parameter values from the binary format.
So, we degrade the precision from double to float in each parameters.
P0 has a periodic box of Lx=24.9998 Ly=24.9998 Lz=24.9998
P0 has pid 1495408 in hostname grammar088
P0 size = 24.9998 hubble = 69.33
P0  omep = 0.287845 omeplam = 0.712155 smooth=0
P0  anow = 0.067375 
P0 nx = 0 ny= 0 nz= 0 
P0 rscale = 1 vscale= 1
P0 has file ranges 0 32
P0 has read ./FoF_Data/NewDD.00005/SN.00005.DM.00000.dat with np= 536919
reading ./FoF_Data/NewDD.00005/SN.00005.00000.info
Warning: different size of RamsesType.
Warning: We cannot read the full precision parameter values from the binary format.
So, we degrade the precision from double to float in each parameters.
P0 has a periodic box of Lx=24.9998 Ly=24.9998 Lz=24.9998
P0 has pid 1495410 in hostname grammar088
P0 size = 24.9998 hubble = 69.33
P0  omep = 0.287845 omeplam = 0.712155 smooth=0
P0  anow = 0.067375 
P0 nx = 0 ny= 0 nz= 0 
P0 rscale = 1 vscale= 1
P0 has file ranges 0 32
P0 has read ./FoF_Data/NewDD.00005/SN.00005.DM.00000.dat with np= 536919
P has example link02= 0.215541 Mpc/h for a mass of 1e+11
[grammar088:1495384:0:1495384] Caught signal 11 (Segmentation fault: address not mapped to object at address 0x20)
P has example link02= 0.215541 Mpc/h for a mass of 1e+11
[grammar088:1495386:0:1495386] Caught signal 11 (Segmentation fault: address not mapped to object at address 0x20)
P has example link02= 0.215541 Mpc/h for a mass of 1e+11
[grammar088:1495380:0:1495380] Caught signal 11 (Segmentation fault: address not mapped to object at address 0x20)
P has example link02= 0.215541 Mpc/h for a mass of 1e+11
[grammar088:1495394:0:1495394] Caught signal 11 (Segmentation fault: address not mapped to object at address 0x20)
==== backtrace (tid:1495384) ====
 0 0x000000000003ebf0 __GI___sigaction()  :0
 1 0x0000000000159ef7 __memcpy_avx_unaligned_erms()  :0
 2 0x00000000000821e3 _IO_file_xsgetn()  :0
 3 0x0000000000077039 __GI__IO_fread()  :0
 4 0x000000000040f75c read_ramses_data()  /home/dbi224/opt/pgalf_swift/opFoF/ramses2read.c:109
 5 0x0000000000406701 main()  /home/dbi224/opt/pgalf_swift/opFoF/opfof.c:571
 6 0x00000000000295d0 __libc_start_call_main()  ???:0
 7 0x0000000000029680 __libc_start_main_alias_2()  :0
 8 0x0000000000402345 _start()  ???:0
=================================
==== backtrace (tid:1495386) ====
 0 0x000000000003ebf0 __GI___sigaction()  :0
 1 0x0000000000159ef7 __memcpy_avx_unaligned_erms()  :0
 2 0x00000000000821e3 _IO_file_xsgetn()  :0
 3 0x0000000000077039 __GI__IO_fread()  :0
 4 0x000000000040f75c read_ramses_data()  /home/dbi224/opt/pgalf_swift/opFoF/ramses2read.c:109
 5 0x0000000000406701 main()  /home/dbi224/opt/pgalf_swift/opFoF/opfof.c:571
 6 0x00000000000295d0 __libc_start_call_main()  ???:0
 7 0x0000000000029680 __libc_start_main_alias_2()  :0
 8 0x0000000000402345 _start()  ???:0
=================================
==== backtrace (tid:1495380) ====
 0 0x000000000003ebf0 __GI___sigaction()  :0
 1 0x0000000000159ef7 __memcpy_avx_unaligned_erms()  :0
 2 0x00000000000821e3 _IO_file_xsgetn()  :0
 3 0x0000000000077039 __GI__IO_fread()  :0
 4 0x000000000040f75c read_ramses_data()  /home/dbi224/opt/pgalf_swift/opFoF/ramses2read.c:109
 5 0x0000000000406701 main()  /home/dbi224/opt/pgalf_swift/opFoF/opfof.c:571
 6 0x00000000000295d0 __libc_start_call_main()  ???:0
 7 0x0000000000029680 __libc_start_main_alias_2()  :0
 8 0x0000000000402345 _start()  ???:0
=================================
P has example link02= 0.215541 Mpc/h for a mass of 1e+11
[grammar088:1495406:0:1495406] Caught signal 11 (Segmentation fault: address not mapped to object at address 0x20)
==== backtrace (tid:1495394) ====
 0 0x000000000003ebf0 __GI___sigaction()  :0
 1 0x0000000000159ef7 __memcpy_avx_unaligned_erms()  :0
 2 0x00000000000821e3 _IO_file_xsgetn()  :0
 3 0x0000000000077039 __GI__IO_fread()  :0
 4 0x000000000040f75c read_ramses_data()  /home/dbi224/opt/pgalf_swift/opFoF/ramses2read.c:109
 5 0x0000000000406701 main()  /home/dbi224/opt/pgalf_swift/opFoF/opfof.c:571
 6 0x00000000000295d0 __libc_start_call_main()  ???:0
 7 0x0000000000029680 __libc_start_main_alias_2()  :0
 8 0x0000000000402345 _start()  ???:0
=================================
P has example link02= 0.215541 Mpc/h for a mass of 1e+11
[grammar088:1495408:0:1495408] Caught signal 11 (Segmentation fault: address not mapped to object at address 0x20)
P has example link02= 0.215541 Mpc/h for a mass of 1e+11
[grammar088:1495410:0:1495410] Caught signal 11 (Segmentation fault: address not mapped to object at address 0x20)
reading ./FoF_Data/NewDD.00005/SN.00005.00000.info
Warning: different size of RamsesType.
Warning: We cannot read the full precision parameter values from the binary format.
So, we degrade the precision from double to float in each parameters.
P0 has a periodic box of Lx=24.9998 Ly=24.9998 Lz=24.9998
P0 has pid 1495382 in hostname grammar088
P0 size = 24.9998 hubble = 69.33
P0  omep = 0.287845 omeplam = 0.712155 smooth=0
P0  anow = 0.067375 
P0 nx = 0 ny= 0 nz= 0 
P0 rscale = 1 vscale= 1
P0 has file ranges 0 32
P0 has read ./FoF_Data/NewDD.00005/SN.00005.DM.00000.dat with np= 536919
==== backtrace (tid:1495406) ====
 0 0x000000000003ebf0 __GI___sigaction()  :0
 1 0x0000000000159ef7 __memcpy_avx_unaligned_erms()  :0
 2 0x00000000000821e3 _IO_file_xsgetn()  :0
 3 0x0000000000077039 __GI__IO_fread()  :0
 4 0x000000000040f75c read_ramses_data()  /home/dbi224/opt/pgalf_swift/opFoF/ramses2read.c:109
 5 0x0000000000406701 main()  /home/dbi224/opt/pgalf_swift/opFoF/opfof.c:571
 6 0x00000000000295d0 __libc_start_call_main()  ???:0
 7 0x0000000000029680 __libc_start_main_alias_2()  :0
 8 0x0000000000402345 _start()  ???:0
=================================
==== backtrace (tid:1495410) ====
 0 0x000000000003ebf0 __GI___sigaction()  :0
 1 0x0000000000159ef7 __memcpy_avx_unaligned_erms()  :0
 2 0x00000000000821e3 _IO_file_xsgetn()  :0
 3 0x0000000000077039 __GI__IO_fread()  :0
 4 0x000000000040f75c read_ramses_data()  /home/dbi224/opt/pgalf_swift/opFoF/ramses2read.c:109
 5 0x0000000000406701 main()  /home/dbi224/opt/pgalf_swift/opFoF/opfof.c:571
 6 0x00000000000295d0 __libc_start_call_main()  ???:0
 7 0x0000000000029680 __libc_start_main_alias_2()  :0
 8 0x0000000000402345 _start()  ???:0
=================================
==== backtrace (tid:1495408) ====
 0 0x000000000003ebf0 __GI___sigaction()  :0
 1 0x0000000000159ef7 __memcpy_avx_unaligned_erms()  :0
 2 0x00000000000821e3 _IO_file_xsgetn()  :0
 3 0x0000000000077039 __GI__IO_fread()  :0
 4 0x000000000040f75c read_ramses_data()  /home/dbi224/opt/pgalf_swift/opFoF/ramses2read.c:109
 5 0x0000000000406701 main()  /home/dbi224/opt/pgalf_swift/opFoF/opfof.c:571
 6 0x00000000000295d0 __libc_start_call_main()  ???:0
 7 0x0000000000029680 __libc_start_main_alias_2()  :0
 8 0x0000000000402345 _start()  ???:0
=================================
reading ./FoF_Data/NewDD.00005/SN.00005.00000.info
Warning: different size of RamsesType.
Warning: We cannot read the full precision parameter values from the binary format.
So, we degrade the precision from double to float in each parameters.
P0 has a periodic box of Lx=24.9998 Ly=24.9998 Lz=24.9998
P0 has pid 1495390 in hostname grammar088
P0 size = 24.9998 hubble = 69.33
P0  omep = 0.287845 omeplam = 0.712155 smooth=0
P0  anow = 0.067375 
P0 nx = 0 ny= 0 nz= 0 
P0 rscale = 1 vscale= 1
P0 has file ranges 0 32
P0 has read ./FoF_Data/NewDD.00005/SN.00005.DM.00000.dat with np= 536919
P has example link02= 0.215541 Mpc/h for a mass of 1e+11
[grammar088:1495382:0:1495382] Caught signal 11 (Segmentation fault: address not mapped to object at address 0x20)
reading ./FoF_Data/NewDD.00005/SN.00005.00000.info
Warning: different size of RamsesType.
Warning: We cannot read the full precision parameter values from the binary format.
So, we degrade the precision from double to float in each parameters.
reading ./FoF_Data/NewDD.00005/SN.00005.00000.info
Warning: different size of RamsesType.
Warning: We cannot read the full precision parameter values from the binary format.
So, we degrade the precision from double to float in each parameters.
P0 has a periodic box of Lx=24.9998 Ly=24.9998 Lz=24.9998
P0 has pid 1495404 in hostname grammar088
P0 size = 24.9998 hubble = 69.33
P0  omep = 0.287845 omeplam = 0.712155 smooth=0
P0  anow = 0.067375 
P0 nx = 0 ny= 0 nz= 0 
P0 rscale = 1 vscale= 1
P0 has file ranges 0 32
P0 has read ./FoF_Data/NewDD.00005/SN.00005.DM.00000.dat with np= 536919
P0 has a periodic box of Lx=24.9998 Ly=24.9998 Lz=24.9998
P0 has pid 1495399 in hostname grammar088
P0 size = 24.9998 hubble = 69.33
P0  omep = 0.287845 omeplam = 0.712155 smooth=0
P0  anow = 0.067375 
P0 nx = 0 ny= 0 nz= 0 
P0 rscale = 1 vscale= 1
P0 has file ranges 0 32
P0 has read ./FoF_Data/NewDD.00005/SN.00005.DM.00000.dat with np= 536919
reading ./FoF_Data/NewDD.00005/SN.00005.00000.info
Warning: different size of RamsesType.
Warning: We cannot read the full precision parameter values from the binary format.
So, we degrade the precision from double to float in each parameters.
P0 has a periodic box of Lx=24.9998 Ly=24.9998 Lz=24.9998
P0 has pid 1495397 in hostname grammar088
P0 size = 24.9998 hubble = 69.33
P0  omep = 0.287845 omeplam = 0.712155 smooth=0
P0  anow = 0.067375 
P0 nx = 0 ny= 0 nz= 0 
P0 rscale = 1 vscale= 1
P0 has file ranges 0 32
P0 has read ./FoF_Data/NewDD.00005/SN.00005.DM.00000.dat with np= 536919
reading ./FoF_Data/NewDD.00005/SN.00005.00000.info
Warning: different size of RamsesType.
Warning: We cannot read the full precision parameter values from the binary format.
So, we degrade the precision from double to float in each parameters.
==== backtrace (tid:1495382) ====
 0 0x000000000003ebf0 __GI___sigaction()  :0
 1 0x0000000000159ef7 __memcpy_avx_unaligned_erms()  :0
 2 0x00000000000821e3 _IO_file_xsgetn()  :0
 3 0x0000000000077039 __GI__IO_fread()  :0
 4 0x000000000040f75c read_ramses_data()  /home/dbi224/opt/pgalf_swift/opFoF/ramses2read.c:109
 5 0x0000000000406701 main()  /home/dbi224/opt/pgalf_swift/opFoF/opfof.c:571
 6 0x00000000000295d0 __libc_start_call_main()  ???:0
 7 0x0000000000029680 __libc_start_main_alias_2()  :0
 8 0x0000000000402345 _start()  ???:0
=================================
P0 has a periodic box of Lx=24.9998 Ly=24.9998 Lz=24.9998
P0 has pid 1495401 in hostname grammar088
P0 size = 24.9998 hubble = 69.33
P0  omep = 0.287845 omeplam = 0.712155 smooth=0
P0  anow = 0.067375 
P0 nx = 0 ny= 0 nz= 0 
P0 rscale = 1 vscale= 1
P0 has file ranges 0 32
P0 has read ./FoF_Data/NewDD.00005/SN.00005.DM.00000.dat with np= 536919
reading ./FoF_Data/NewDD.00005/SN.00005.00000.info
Warning: different size of RamsesType.
Warning: We cannot read the full precision parameter values from the binary format.
So, we degrade the precision from double to float in each parameters.
P0 has a periodic box of Lx=24.9998 Ly=24.9998 Lz=24.9998
P0 has pid 1495391 in hostname grammar088
P0 size = 24.9998 hubble = 69.33
P0  omep = 0.287845 omeplam = 0.712155 smooth=0
P0  anow = 0.067375 
P0 nx = 0 ny= 0 nz= 0 
P0 rscale = 1 vscale= 1
P0 has file ranges 0 32
P0 has read ./FoF_Data/NewDD.00005/SN.00005.DM.00000.dat with np= 536919
reading ./FoF_Data/NewDD.00005/SN.00005.00000.info
Warning: different size of RamsesType.
Warning: We cannot read the full precision parameter values from the binary format.
So, we degrade the precision from double to float in each parameters.
reading ./FoF_Data/NewDD.00005/SN.00005.00000.info
Warning: different size of RamsesType.
Warning: We cannot read the full precision parameter values from the binary format.
So, we degrade the precision from double to float in each parameters.
P0 has a periodic box of Lx=24.9998 Ly=24.9998 Lz=24.9998
P0 has pid 1495395 in hostname grammar088
P0 size = 24.9998 hubble = 69.33
P0  omep = 0.287845 omeplam = 0.712155 smooth=0
P0  anow = 0.067375 
P0 nx = 0 ny= 0 nz= 0 
P0 rscale = 1 vscale= 1
P0 has file ranges 0 32
P0 has read ./FoF_Data/NewDD.00005/SN.00005.DM.00000.dat with np= 536919
P has example link02= 0.215541 Mpc/h for a mass of 1e+11
[grammar088:1495390:0:1495390] Caught signal 11 (Segmentation fault: address not mapped to object at address 0x20)
P0 has a periodic box of Lx=24.9998 Ly=24.9998 Lz=24.9998
P0 has pid 1495402 in hostname grammar088
P0 size = 24.9998 hubble = 69.33
P0  omep = 0.287845 omeplam = 0.712155 smooth=0
P0  anow = 0.067375 
P0 nx = 0 ny= 0 nz= 0 
P0 rscale = 1 vscale= 1
P0 has file ranges 0 32
P0 has read ./FoF_Data/NewDD.00005/SN.00005.DM.00000.dat with np= 536919
reading ./FoF_Data/NewDD.00005/SN.00005.00000.info
Warning: different size of RamsesType.
Warning: We cannot read the full precision parameter values from the binary format.
So, we degrade the precision from double to float in each parameters.
reading ./FoF_Data/NewDD.00005/SN.00005.00000.info
Warning: different size of RamsesType.
Warning: We cannot read the full precision parameter values from the binary format.
So, we degrade the precision from double to float in each parameters.
reading ./FoF_Data/NewDD.00005/SN.00005.00000.info
Warning: different size of RamsesType.
Warning: We cannot read the full precision parameter values from the binary format.
So, we degrade the precision from double to float in each parameters.
P0 has a periodic box of Lx=24.9998 Ly=24.9998 Lz=24.9998
P0 has pid 1495405 in hostname grammar088
P0 size = 24.9998 hubble = 69.33
P0  omep = 0.287845 omeplam = 0.712155 smooth=0
P0  anow = 0.067375 
P0 nx = 0 ny= 0 nz= 0 
P0 rscale = 1 vscale= 1
P0 has file ranges 0 32
P0 has read ./FoF_Data/NewDD.00005/SN.00005.DM.00000.dat with np= 536919
P0 has a periodic box of Lx=24.9998 Ly=24.9998 Lz=24.9998
P0 has pid 1495407 in hostname grammar088
P0 size = 24.9998 hubble = 69.33
P0  omep = 0.287845 omeplam = 0.712155 smooth=0
P0  anow = 0.067375 
P0 nx = 0 ny= 0 nz= 0 
P0 rscale = 1 vscale= 1
P0 has file ranges 0 32
P0 has read ./FoF_Data/NewDD.00005/SN.00005.DM.00000.dat with np= 536919
P0 has a periodic box of Lx=24.9998 Ly=24.9998 Lz=24.9998
P0 has pid 1495383 in hostname grammar088
P0 size = 24.9998 hubble = 69.33
P0  omep = 0.287845 omeplam = 0.712155 smooth=0
P0  anow = 0.067375 
P0 nx = 0 ny= 0 nz= 0 
P0 rscale = 1 vscale= 1
P0 has file ranges 0 32
P0 has read ./FoF_Data/NewDD.00005/SN.00005.DM.00000.dat with np= 536919
reading ./FoF_Data/NewDD.00005/SN.00005.00000.info
Warning: different size of RamsesType.
Warning: We cannot read the full precision parameter values from the binary format.
So, we degrade the precision from double to float in each parameters.
P0 has a periodic box of Lx=24.9998 Ly=24.9998 Lz=24.9998
P0 has pid 1495381 in hostname grammar088
P0 size = 24.9998 hubble = 69.33
P0  omep = 0.287845 omeplam = 0.712155 smooth=0
P0  anow = 0.067375 
P0 nx = 0 ny= 0 nz= 0 
P0 rscale = 1 vscale= 1
P0 has file ranges 0 32
P0 has read ./FoF_Data/NewDD.00005/SN.00005.DM.00000.dat with np= 536919
reading ./FoF_Data/NewDD.00005/SN.00005.00000.info
Warning: different size of RamsesType.
Warning: We cannot read the full precision parameter values from the binary format.
So, we degrade the precision from double to float in each parameters.
reading ./FoF_Data/NewDD.00005/SN.00005.00000.info
Warning: different size of RamsesType.
Warning: We cannot read the full precision parameter values from the binary format.
So, we degrade the precision from double to float in each parameters.
P0 has a periodic box of Lx=24.9998 Ly=24.9998 Lz=24.9998
P0 has pid 1495403 in hostname grammar088
P0 size = 24.9998 hubble = 69.33
P0  omep = 0.287845 omeplam = 0.712155 smooth=0
P0  anow = 0.067375 
P0 nx = 0 ny= 0 nz= 0 
P0 rscale = 1 vscale= 1
P0 has file ranges 0 32
P0 has read ./FoF_Data/NewDD.00005/SN.00005.DM.00000.dat with np= 536919
reading ./FoF_Data/NewDD.00005/SN.00005.00000.info
Warning: different size of RamsesType.
Warning: We cannot read the full precision parameter values from the binary format.
So, we degrade the precision from double to float in each parameters.
P0 has a periodic box of Lx=24.9998 Ly=24.9998 Lz=24.9998
P0 has pid 1495409 in hostname grammar088
P0 size = 24.9998 hubble = 69.33
P0  omep = 0.287845 omeplam = 0.712155 smooth=0
P0  anow = 0.067375 
P0 nx = 0 ny= 0 nz= 0 
P0 rscale = 1 vscale= 1
P0 has file ranges 0 32
P0 has read ./FoF_Data/NewDD.00005/SN.00005.DM.00000.dat with np= 536919
reading ./FoF_Data/NewDD.00005/SN.00005.00000.info
Warning: different size of RamsesType.
Warning: We cannot read the full precision parameter values from the binary format.
So, we degrade the precision from double to float in each parameters.
P0 has a periodic box of Lx=24.9998 Ly=24.9998 Lz=24.9998
P0 has pid 1495389 in hostname grammar088
P0 size = 24.9998 hubble = 69.33
P0  omep = 0.287845 omeplam = 0.712155 smooth=0
P0  anow = 0.067375 
P0 nx = 0 ny= 0 nz= 0 
P0 rscale = 1 vscale= 1
P0 has file ranges 0 32
P0 has read ./FoF_Data/NewDD.00005/SN.00005.DM.00000.dat with np= 536919
reading ./FoF_Data/NewDD.00005/SN.00005.00000.info
Warning: different size of RamsesType.
Warning: We cannot read the full precision parameter values from the binary format.
So, we degrade the precision from double to float in each parameters.
P0 has a periodic box of Lx=24.9998 Ly=24.9998 Lz=24.9998
P0 has pid 1495387 in hostname grammar088
P0 size = 24.9998 hubble = 69.33
P0  omep = 0.287845 omeplam = 0.712155 smooth=0
P0  anow = 0.067375 
P0 nx = 0 ny= 0 nz= 0 
P0 rscale = 1 vscale= 1
P0 has file ranges 0 32
P0 has read ./FoF_Data/NewDD.00005/SN.00005.DM.00000.dat with np= 536919
P0 has a periodic box of Lx=24.9998 Ly=24.9998 Lz=24.9998
P0 has pid 1495393 in hostname grammar088
P0 size = 24.9998 hubble = 69.33
P0  omep = 0.287845 omeplam = 0.712155 smooth=0
P0  anow = 0.067375 
P0 nx = 0 ny= 0 nz= 0 
P0 rscale = 1 vscale= 1
P0 has file ranges 0 32
P0 has read ./FoF_Data/NewDD.00005/SN.00005.DM.00000.dat with np= 536919
reading ./FoF_Data/NewDD.00005/SN.00005.00000.info
Warning: different size of RamsesType.
Warning: We cannot read the full precision parameter values from the binary format.
So, we degrade the precision from double to float in each parameters.
P0 has a periodic box of Lx=24.9998 Ly=24.9998 Lz=24.9998
P0 has pid 1495379 in hostname grammar088
P0 size = 24.9998 hubble = 69.33
P0  omep = 0.287845 omeplam = 0.712155 smooth=0
P0  anow = 0.067375 
P0 nx = 0 ny= 0 nz= 0 
P0 rscale = 1 vscale= 1
P0 has file ranges 0 32
P0 has read ./FoF_Data/NewDD.00005/SN.00005.DM.00000.dat with np= 536919
==== backtrace (tid:1495390) ====
 0 0x000000000003ebf0 __GI___sigaction()  :0
 1 0x0000000000159ef7 __memcpy_avx_unaligned_erms()  :0
 2 0x00000000000821e3 _IO_file_xsgetn()  :0
 3 0x0000000000077039 __GI__IO_fread()  :0
 4 0x000000000040f75c read_ramses_data()  /home/dbi224/opt/pgalf_swift/opFoF/ramses2read.c:109
 5 0x0000000000406701 main()  /home/dbi224/opt/pgalf_swift/opFoF/opfof.c:571
 6 0x00000000000295d0 __libc_start_call_main()  ???:0
 7 0x0000000000029680 __libc_start_main_alias_2()  :0
 8 0x0000000000402345 _start()  ???:0
=================================
reading ./FoF_Data/NewDD.00005/SN.00005.00000.info
Warning: different size of RamsesType.
Warning: We cannot read the full precision parameter values from the binary format.
So, we degrade the precision from double to float in each parameters.
P0 has a periodic box of Lx=24.9998 Ly=24.9998 Lz=24.9998
P0 has pid 1495385 in hostname grammar088
P0 size = 24.9998 hubble = 69.33
P0  omep = 0.287845 omeplam = 0.712155 smooth=0
P0  anow = 0.067375 
P0 nx = 0 ny= 0 nz= 0 
P0 rscale = 1 vscale= 1
P0 has file ranges 0 32
P0 has read ./FoF_Data/NewDD.00005/SN.00005.DM.00000.dat with np= 536919
P has example link02= 0.215541 Mpc/h for a mass of 1e+11
[grammar088:1495404:0:1495404] Caught signal 11 (Segmentation fault: address not mapped to object at address 0x20)
==== backtrace (tid:1495404) ====
 0 0x000000000003ebf0 __GI___sigaction()  :0
 1 0x0000000000159ef7 __memcpy_avx_unaligned_erms()  :0
 2 0x00000000000821e3 _IO_file_xsgetn()  :0
 3 0x0000000000077039 __GI__IO_fread()  :0
 4 0x000000000040f75c read_ramses_data()  /home/dbi224/opt/pgalf_swift/opFoF/ramses2read.c:109
 5 0x0000000000406701 main()  /home/dbi224/opt/pgalf_swift/opFoF/opfof.c:571
 6 0x00000000000295d0 __libc_start_call_main()  ???:0
 7 0x0000000000029680 __libc_start_main_alias_2()  :0
 8 0x0000000000402345 _start()  ???:0
=================================
P has example link02= 0.215541 Mpc/h for a mass of 1e+11
[grammar088:1495399:0:1495399] Caught signal 11 (Segmentation fault: address not mapped to object at address 0x20)
P has example link02= 0.215541 Mpc/h for a mass of 1e+11
[grammar088:1495402:0:1495402] Caught signal 11 (Segmentation fault: address not mapped to object at address 0x20)
P has example link02= 0.215541 Mpc/h for a mass of 1e+11
[grammar088:1495397:0:1495397] Caught signal 11 (Segmentation fault: address not mapped to object at address 0x20)
P has example link02= 0.215541 Mpc/h for a mass of 1e+11
[grammar088:1495401:0:1495401] Caught signal 11 (Segmentation fault: address not mapped to object at address 0x20)
P has example link02= 0.215541 Mpc/h for a mass of 1e+11
[grammar088:1495391:0:1495391] Caught signal 11 (Segmentation fault: address not mapped to object at address 0x20)
P has example link02= 0.215541 Mpc/h for a mass of 1e+11
[grammar088:1495395:0:1495395] Caught signal 11 (Segmentation fault: address not mapped to object at address 0x20)
==== backtrace (tid:1495399) ====
 0 0x000000000003ebf0 __GI___sigaction()  :0
 1 0x0000000000159ef7 __memcpy_avx_unaligned_erms()  :0
 2 0x00000000000821e3 _IO_file_xsgetn()  :0
 3 0x0000000000077039 __GI__IO_fread()  :0
 4 0x000000000040f75c read_ramses_data()  /home/dbi224/opt/pgalf_swift/opFoF/ramses2read.c:109
 5 0x0000000000406701 main()  /home/dbi224/opt/pgalf_swift/opFoF/opfof.c:571
 6 0x00000000000295d0 __libc_start_call_main()  ???:0
 7 0x0000000000029680 __libc_start_main_alias_2()  :0
 8 0x0000000000402345 _start()  ???:0
=================================
==== backtrace (tid:1495402) ====
 0 0x000000000003ebf0 __GI___sigaction()  :0
 1 0x0000000000159ef7 __memcpy_avx_unaligned_erms()  :0
 2 0x00000000000821e3 _IO_file_xsgetn()  :0
 3 0x0000000000077039 __GI__IO_fread()  :0
 4 0x000000000040f75c read_ramses_data()  /home/dbi224/opt/pgalf_swift/opFoF/ramses2read.c:109
 5 0x0000000000406701 main()  /home/dbi224/opt/pgalf_swift/opFoF/opfof.c:571
 6 0x00000000000295d0 __libc_start_call_main()  ???:0
 7 0x0000000000029680 __libc_start_main_alias_2()  :0
 8 0x0000000000402345 _start()  ???:0
=================================
P has example link02= 0.215541 Mpc/h for a mass of 1e+11
[grammar088:1495405:0:1495405] Caught signal 11 (Segmentation fault: address not mapped to object at address 0x20)
P has example link02= 0.215541 Mpc/h for a mass of 1e+11
[grammar088:1495407:0:1495407] Caught signal 11 (Segmentation fault: address not mapped to object at address 0x20)
P has example link02= 0.215541 Mpc/h for a mass of 1e+11
[grammar088:1495383:0:1495383] Caught signal 11 (Segmentation fault: address not mapped to object at address 0x20)
P has example link02= 0.215541 Mpc/h for a mass of 1e+11
[grammar088:1495381:0:1495381] Caught signal 11 (Segmentation fault: address not mapped to object at address 0x20)
P has example link02= 0.215541 Mpc/h for a mass of 1e+11
[grammar088:1495409:0:1495409] Caught signal 11 (Segmentation fault: address not mapped to object at address 0x20)
P has example link02= 0.215541 Mpc/h for a mass of 1e+11
[grammar088:1495403:0:1495403] Caught signal 11 (Segmentation fault: address not mapped to object at address 0x20)
==== backtrace (tid:1495397) ====
 0 0x000000000003ebf0 __GI___sigaction()  :0
 1 0x0000000000159ef7 __memcpy_avx_unaligned_erms()  :0
 2 0x00000000000821e3 _IO_file_xsgetn()  :0
 3 0x0000000000077039 __GI__IO_fread()  :0
 4 0x000000000040f75c read_ramses_data()  /home/dbi224/opt/pgalf_swift/opFoF/ramses2read.c:109
 5 0x0000000000406701 main()  /home/dbi224/opt/pgalf_swift/opFoF/opfof.c:571
 6 0x00000000000295d0 __libc_start_call_main()  ???:0
 7 0x0000000000029680 __libc_start_main_alias_2()  :0
 8 0x0000000000402345 _start()  ???:0
=================================
==== backtrace (tid:1495401) ====
 0 0x000000000003ebf0 __GI___sigaction()  :0
 1 0x0000000000159ef7 __memcpy_avx_unaligned_erms()  :0
 2 0x00000000000821e3 _IO_file_xsgetn()  :0
 3 0x0000000000077039 __GI__IO_fread()  :0
 4 0x000000000040f75c read_ramses_data()  /home/dbi224/opt/pgalf_swift/opFoF/ramses2read.c:109
 5 0x0000000000406701 main()  /home/dbi224/opt/pgalf_swift/opFoF/opfof.c:571
 6 0x00000000000295d0 __libc_start_call_main()  ???:0
 7 0x0000000000029680 __libc_start_main_alias_2()  :0
 8 0x0000000000402345 _start()  ???:0
=================================
P has example link02= 0.215541 Mpc/h for a mass of 1e+11
[grammar088:1495389:0:1495389] Caught signal 11 (Segmentation fault: address not mapped to object at address 0x20)
P has example link02= 0.215541 Mpc/h for a mass of 1e+11
[grammar088:1495387:0:1495387] Caught signal 11 (Segmentation fault: address not mapped to object at address 0x20)
P has example link02= 0.215541 Mpc/h for a mass of 1e+11
[grammar088:1495393:0:1495393] Caught signal 11 (Segmentation fault: address not mapped to object at address 0x20)
P has example link02= 0.215541 Mpc/h for a mass of 1e+11
[grammar088:1495379:0:1495379] Caught signal 11 (Segmentation fault: address not mapped to object at address 0x20)
==== backtrace (tid:1495395) ====
 0 0x000000000003ebf0 __GI___sigaction()  :0
 1 0x0000000000159ef7 __memcpy_avx_unaligned_erms()  :0
 2 0x00000000000821e3 _IO_file_xsgetn()  :0
 3 0x0000000000077039 __GI__IO_fread()  :0
 4 0x000000000040f75c read_ramses_data()  /home/dbi224/opt/pgalf_swift/opFoF/ramses2read.c:109
 5 0x0000000000406701 main()  /home/dbi224/opt/pgalf_swift/opFoF/opfof.c:571
 6 0x00000000000295d0 __libc_start_call_main()  ???:0
 7 0x0000000000029680 __libc_start_main_alias_2()  :0
 8 0x0000000000402345 _start()  ???:0
=================================
==== backtrace (tid:1495391) ====
 0 0x000000000003ebf0 __GI___sigaction()  :0
 1 0x0000000000159ef7 __memcpy_avx_unaligned_erms()  :0
 2 0x00000000000821e3 _IO_file_xsgetn()  :0
 3 0x0000000000077039 __GI__IO_fread()  :0
 4 0x000000000040f75c read_ramses_data()  /home/dbi224/opt/pgalf_swift/opFoF/ramses2read.c:109
 5 0x0000000000406701 main()  /home/dbi224/opt/pgalf_swift/opFoF/opfof.c:571
 6 0x00000000000295d0 __libc_start_call_main()  ???:0
 7 0x0000000000029680 __libc_start_main_alias_2()  :0
 8 0x0000000000402345 _start()  ???:0
=================================
==== backtrace (tid:1495405) ====
 0 0x000000000003ebf0 __GI___sigaction()  :0
 1 0x0000000000159ef7 __memcpy_avx_unaligned_erms()  :0
 2 0x00000000000821e3 _IO_file_xsgetn()  :0
 3 0x0000000000077039 __GI__IO_fread()  :0
 4 0x000000000040f75c read_ramses_data()  /home/dbi224/opt/pgalf_swift/opFoF/ramses2read.c:109
 5 0x0000000000406701 main()  /home/dbi224/opt/pgalf_swift/opFoF/opfof.c:571
 6 0x00000000000295d0 __libc_start_call_main()  ???:0
 7 0x0000000000029680 __libc_start_main_alias_2()  :0
 8 0x0000000000402345 _start()  ???:0
=================================
==== backtrace (tid:1495407) ====
 0 0x000000000003ebf0 __GI___sigaction()  :0
 1 0x0000000000159ef7 __memcpy_avx_unaligned_erms()  :0
 2 0x00000000000821e3 _IO_file_xsgetn()  :0
 3 0x0000000000077039 __GI__IO_fread()  :0
 4 0x000000000040f75c read_ramses_data()  /home/dbi224/opt/pgalf_swift/opFoF/ramses2read.c:109
 5 0x0000000000406701 main()  /home/dbi224/opt/pgalf_swift/opFoF/opfof.c:571
 6 0x00000000000295d0 __libc_start_call_main()  ???:0
 7 0x0000000000029680 __libc_start_main_alias_2()  :0
 8 0x0000000000402345 _start()  ???:0
=================================
==== backtrace (tid:1495409) ====
 0 0x000000000003ebf0 __GI___sigaction()  :0
 1 0x0000000000159ef7 __memcpy_avx_unaligned_erms()  :0
 2 0x00000000000821e3 _IO_file_xsgetn()  :0
 3 0x0000000000077039 __GI__IO_fread()  :0
 4 0x000000000040f75c read_ramses_data()  /home/dbi224/opt/pgalf_swift/opFoF/ramses2read.c:109
 5 0x0000000000406701 main()  /home/dbi224/opt/pgalf_swift/opFoF/opfof.c:571
 6 0x00000000000295d0 __libc_start_call_main()  ???:0
 7 0x0000000000029680 __libc_start_main_alias_2()  :0
 8 0x0000000000402345 _start()  ???:0
=================================
P has example link02= 0.215541 Mpc/h for a mass of 1e+11
[grammar088:1495385:0:1495385] Caught signal 11 (Segmentation fault: address not mapped to object at address 0x20)
==== backtrace (tid:1495403) ====
 0 0x000000000003ebf0 __GI___sigaction()  :0
 1 0x0000000000159ef7 __memcpy_avx_unaligned_erms()  :0
 2 0x00000000000821e3 _IO_file_xsgetn()  :0
 3 0x0000000000077039 __GI__IO_fread()  :0
 4 0x000000000040f75c read_ramses_data()  /home/dbi224/opt/pgalf_swift/opFoF/ramses2read.c:109
 5 0x0000000000406701 main()  /home/dbi224/opt/pgalf_swift/opFoF/opfof.c:571
 6 0x00000000000295d0 __libc_start_call_main()  ???:0
 7 0x0000000000029680 __libc_start_main_alias_2()  :0
 8 0x0000000000402345 _start()  ???:0
=================================
==== backtrace (tid:1495383) ====
 0 0x000000000003ebf0 __GI___sigaction()  :0
 1 0x0000000000159ef7 __memcpy_avx_unaligned_erms()  :0
 2 0x00000000000821e3 _IO_file_xsgetn()  :0
 3 0x0000000000077039 __GI__IO_fread()  :0
 4 0x000000000040f75c read_ramses_data()  /home/dbi224/opt/pgalf_swift/opFoF/ramses2read.c:109
 5 0x0000000000406701 main()  /home/dbi224/opt/pgalf_swift/opFoF/opfof.c:571
 6 0x00000000000295d0 __libc_start_call_main()  ???:0
 7 0x0000000000029680 __libc_start_main_alias_2()  :0
 8 0x0000000000402345 _start()  ???:0
=================================
==== backtrace (tid:1495381) ====
 0 0x000000000003ebf0 __GI___sigaction()  :0
 1 0x0000000000159ef7 __memcpy_avx_unaligned_erms()  :0
 2 0x00000000000821e3 _IO_file_xsgetn()  :0
 3 0x0000000000077039 __GI__IO_fread()  :0
 4 0x000000000040f75c read_ramses_data()  /home/dbi224/opt/pgalf_swift/opFoF/ramses2read.c:109
 5 0x0000000000406701 main()  /home/dbi224/opt/pgalf_swift/opFoF/opfof.c:571
 6 0x00000000000295d0 __libc_start_call_main()  ???:0
 7 0x0000000000029680 __libc_start_main_alias_2()  :0
 8 0x0000000000402345 _start()  ???:0
=================================
==== backtrace (tid:1495389) ====
 0 0x000000000003ebf0 __GI___sigaction()  :0
 1 0x0000000000159ef7 __memcpy_avx_unaligned_erms()  :0
 2 0x00000000000821e3 _IO_file_xsgetn()  :0
 3 0x0000000000077039 __GI__IO_fread()  :0
 4 0x000000000040f75c read_ramses_data()  /home/dbi224/opt/pgalf_swift/opFoF/ramses2read.c:109
 5 0x0000000000406701 main()  /home/dbi224/opt/pgalf_swift/opFoF/opfof.c:571
 6 0x00000000000295d0 __libc_start_call_main()  ???:0
 7 0x0000000000029680 __libc_start_main_alias_2()  :0
 8 0x0000000000402345 _start()  ???:0
=================================
==== backtrace (tid:1495387) ====
 0 0x000000000003ebf0 __GI___sigaction()  :0
 1 0x0000000000159ef7 __memcpy_avx_unaligned_erms()  :0
 2 0x00000000000821e3 _IO_file_xsgetn()  :0
 3 0x0000000000077039 __GI__IO_fread()  :0
 4 0x000000000040f75c read_ramses_data()  /home/dbi224/opt/pgalf_swift/opFoF/ramses2read.c:109
 5 0x0000000000406701 main()  /home/dbi224/opt/pgalf_swift/opFoF/opfof.c:571
 6 0x00000000000295d0 __libc_start_call_main()  ???:0
 7 0x0000000000029680 __libc_start_main_alias_2()  :0
 8 0x0000000000402345 _start()  ???:0
=================================
==== backtrace (tid:1495393) ====
 0 0x000000000003ebf0 __GI___sigaction()  :0
 1 0x0000000000159ef7 __memcpy_avx_unaligned_erms()  :0
 2 0x00000000000821e3 _IO_file_xsgetn()  :0
 3 0x0000000000077039 __GI__IO_fread()  :0
 4 0x000000000040f75c read_ramses_data()  /home/dbi224/opt/pgalf_swift/opFoF/ramses2read.c:109
 5 0x0000000000406701 main()  /home/dbi224/opt/pgalf_swift/opFoF/opfof.c:571
 6 0x00000000000295d0 __libc_start_call_main()  ???:0
 7 0x0000000000029680 __libc_start_main_alias_2()  :0
 8 0x0000000000402345 _start()  ???:0
=================================
==== backtrace (tid:1495379) ====
 0 0x000000000003ebf0 __GI___sigaction()  :0
 1 0x0000000000159ef7 __memcpy_avx_unaligned_erms()  :0
 2 0x00000000000821e3 _IO_file_xsgetn()  :0
 3 0x0000000000077039 __GI__IO_fread()  :0
 4 0x000000000040f75c read_ramses_data()  /home/dbi224/opt/pgalf_swift/opFoF/ramses2read.c:109
 5 0x0000000000406701 main()  /home/dbi224/opt/pgalf_swift/opFoF/opfof.c:571
 6 0x00000000000295d0 __libc_start_call_main()  ???:0
 7 0x0000000000029680 __libc_start_main_alias_2()  :0
 8 0x0000000000402345 _start()  ???:0
=================================
==== backtrace (tid:1495385) ====
 0 0x000000000003ebf0 __GI___sigaction()  :0
 1 0x0000000000159ef7 __memcpy_avx_unaligned_erms()  :0
 2 0x00000000000821e3 _IO_file_xsgetn()  :0
 3 0x0000000000077039 __GI__IO_fread()  :0
 4 0x000000000040f75c read_ramses_data()  /home/dbi224/opt/pgalf_swift/opFoF/ramses2read.c:109
 5 0x0000000000406701 main()  /home/dbi224/opt/pgalf_swift/opFoF/opfof.c:571
 6 0x00000000000295d0 __libc_start_call_main()  ???:0
 7 0x0000000000029680 __libc_start_main_alias_2()  :0
 8 0x0000000000402345 _start()  ???:0
=================================
srun: error: grammar088: tasks 0,2,4,6,8,10,12,14,16,18,22-24,26,28,30: Segmentation fault
srun: error: grammar088: tasks 9,13,21: Segmentation fault (core dumped)
srun: error: grammar088: tasks 1,5,7,17,19: Segmentation fault (core dumped)
srun: error: grammar088: tasks 15,20,27: Segmentation fault (core dumped)
srun: error: grammar088: tasks 3,11,31: Segmentation fault (core dumped)
srun: error: grammar088: task 25: Segmentation fault (core dumped)
srun: error: grammar088: task 29: Segmentation fault (core dumped)
